Startpoint: _26670_ (rising edge-triggered flip-flop clocked by clk)
Endpoint: _26670_ (rising edge-triggered flip-flop clocked by clk)
Path Group: clk
Path Type: min

Fanout     Cap    Slew   Delay    Time   Description
-----------------------------------------------------------------------------
                  0.00    0.00    0.00   clock clk (rise edge)
                          0.00    0.00   clock network delay (ideal)
                  0.00    0.00    0.00 ^ _26670_/CLK (sky130_fd_sc_hd__dfxtp_1)
                  0.03    0.17    0.17 ^ _26670_/Q (sky130_fd_sc_hd__dfxtp_1)
     2    0.00                           cpuregs[0][1] (net)
                  0.03    0.00    0.17 ^ _15937_/A (sky130_fd_sc_hd__clkbuf_1)
                  0.02    0.04    0.22 ^ _15937_/X (sky130_fd_sc_hd__clkbuf_1)
     1    0.00                           _02836_ (net)
                  0.02    0.00    0.22 ^ _26670_/D (sky130_fd_sc_hd__dfxtp_1)
                                  0.22   data arrival time

                  0.00    0.00    0.00   clock clk (rise edge)
                          0.00    0.00   clock network delay (ideal)
                          0.00    0.00   clock reconvergence pessimism
                                  0.00 ^ _26670_/CLK (sky130_fd_sc_hd__dfxtp_1)
                         -0.02   -0.02   library hold time
                                 -0.02   data required time
-----------------------------------------------------------------------------
                                 -0.02   data required time
                                 -0.22   data arrival time
-----------------------------------------------------------------------------
                                  0.23   slack (MET)


Startpoint: _27871_ (rising edge-triggered flip-flop clocked by clk)
Endpoint: _27762_ (rising edge-triggered flip-flop clocked by clk)
Path Group: clk
Path Type: max

Fanout     Cap    Slew   Delay    Time   Description
-----------------------------------------------------------------------------
                  0.00    0.00    0.00   clock clk (rise edge)
                          0.00    0.00   clock network delay (ideal)
                  0.00    0.00    0.00 ^ _27871_/CLK (sky130_fd_sc_hd__dfxtp_2)
                  0.20    0.72    0.72 ^ _27871_/Q (sky130_fd_sc_hd__dfxtp_2)
     6    0.02                           irq_mask[12] (net)
                  0.20    0.00    0.72 ^ _13137_/A1 (sky130_fd_sc_hd__o22ai_1)
                  0.10    0.21    0.93 v _13137_/Y (sky130_fd_sc_hd__o22ai_1)
     1    0.00                           _10539_ (net)
                  0.10    0.00    0.93 v _13138_/C1 (sky130_fd_sc_hd__a221o_1)
                  0.09    0.49    1.42 v _13138_/X (sky130_fd_sc_hd__a221o_1)
     1    0.00                           _10540_ (net)
                  0.09    0.00    1.42 v _13157_/A (sky130_fd_sc_hd__or4_4)
                  0.14    1.03    2.45 v _13157_/X (sky130_fd_sc_hd__or4_4)
     1    0.00                           _10559_ (net)
                  0.14    0.00    2.45 v _13160_/A2 (sky130_fd_sc_hd__o2111a_1)
                  0.08    0.44    2.89 v _13160_/X (sky130_fd_sc_hd__o2111a_1)
     2    0.00                           _10562_ (net)
                  0.08    0.00    2.89 v _13161_/C (sky130_fd_sc_hd__or3_1)
                  0.15    0.73    3.62 v _13161_/X (sky130_fd_sc_hd__or3_1)
     2    0.00                           _10563_ (net)
                  0.15    0.00    3.62 v _13164_/A (sky130_fd_sc_hd__or2_1)
                  0.11    0.53    4.15 v _13164_/X (sky130_fd_sc_hd__or2_1)
     2    0.00                           _10565_ (net)
                  0.11    0.00    4.15 v _13165_/C (sky130_fd_sc_hd__or3_4)
                  0.12    0.66    4.81 v _13165_/X (sky130_fd_sc_hd__or3_4)
     4    0.00                           _10566_ (net)
                  0.12    0.00    4.81 v _13690_/B (sky130_fd_sc_hd__or2_2)
                  0.15    0.69    5.50 v _13690_/X (sky130_fd_sc_hd__or2_2)
     5    0.01                           _10910_ (net)
                  0.15    0.00    5.50 v _13691_/C (sky130_fd_sc_hd__or3_2)
                  0.15    0.95    6.45 v _13691_/X (sky130_fd_sc_hd__or3_2)
     2    0.00                           _10911_ (net)
                  0.15    0.00    6.45 v _13692_/B (sky130_fd_sc_hd__or2_2)
                  0.13    0.68    7.13 v _13692_/X (sky130_fd_sc_hd__or2_2)
     3    0.01                           _10912_ (net)
                  0.13    0.00    7.13 v _13693_/B (sky130_fd_sc_hd__or2_1)
                  0.08    0.46    7.59 v _13693_/X (sky130_fd_sc_hd__or2_1)
     2    0.00                           _10913_ (net)
                  0.08    0.00    7.59 v _13694_/B (sky130_fd_sc_hd__or2_2)
                  0.14    0.67    8.26 v _13694_/X (sky130_fd_sc_hd__or2_2)
     3    0.01                           _10914_ (net)
                  0.14    0.00    8.26 v _13695_/B (sky130_fd_sc_hd__or2_1)
                  0.08    0.46    8.72 v _13695_/X (sky130_fd_sc_hd__or2_1)
     2    0.00                           _10915_ (net)
                  0.08    0.00    8.72 v _13696_/B (sky130_fd_sc_hd__or2_1)
                  0.15    0.52    9.24 v _13696_/X (sky130_fd_sc_hd__or2_1)
     3    0.01                           _10916_ (net)
                  0.15    0.00    9.24 v _13697_/B (sky130_fd_sc_hd__or2_1)
                  0.08    0.46    9.70 v _13697_/X (sky130_fd_sc_hd__or2_1)
     2    0.00                           _10917_ (net)
                  0.08    0.00    9.70 v _13698_/B (sky130_fd_sc_hd__or2_1)
                  0.13    0.50   10.20 v _13698_/X (sky130_fd_sc_hd__or2_1)
     3    0.01                           _10918_ (net)
                  0.13    0.00   10.20 v _13699_/B (sky130_fd_sc_hd__or2_1)
                  0.08    0.46   10.66 v _13699_/X (sky130_fd_sc_hd__or2_1)
     2    0.00                           _10919_ (net)
                  0.08    0.00   10.66 v _13700_/B (sky130_fd_sc_hd__or2_2)
                  0.14    0.67   11.32 v _13700_/X (sky130_fd_sc_hd__or2_2)
     3    0.01                           _10920_ (net)
                  0.14    0.00   11.32 v _13701_/B (sky130_fd_sc_hd__or2_1)
                  0.08    0.46   11.79 v _13701_/X (sky130_fd_sc_hd__or2_1)
     2    0.00                           _10921_ (net)
                  0.08    0.00   11.79 v _13702_/B (sky130_fd_sc_hd__or2_2)
                  0.14    0.67   12.45 v _13702_/X (sky130_fd_sc_hd__or2_2)
     3    0.01                           _10922_ (net)
                  0.14    0.00   12.45 v _13703_/B (sky130_fd_sc_hd__or2_1)
                  0.08    0.46   12.92 v _13703_/X (sky130_fd_sc_hd__or2_1)
     2    0.00                           _10923_ (net)
                  0.08    0.00   12.92 v _13704_/B (sky130_fd_sc_hd__or2_1)
                  0.15    0.52   13.44 v _13704_/X (sky130_fd_sc_hd__or2_1)
     3    0.01                           _10924_ (net)
                  0.15    0.00   13.44 v _13705_/B (sky130_fd_sc_hd__or2_1)
                  0.08    0.46   13.90 v _13705_/X (sky130_fd_sc_hd__or2_1)
     2    0.00                           _10925_ (net)
                  0.08    0.00   13.90 v _13706_/B (sky130_fd_sc_hd__or2_2)
                  0.14    0.67   14.57 v _13706_/X (sky130_fd_sc_hd__or2_2)
     3    0.01                           _10926_ (net)
                  0.14    0.00   14.57 v _13707_/B (sky130_fd_sc_hd__or2_1)
                  0.08    0.46   15.03 v _13707_/X (sky130_fd_sc_hd__or2_1)
     2    0.00                           _10927_ (net)
                  0.08    0.00   15.03 v _13708_/B (sky130_fd_sc_hd__or2_2)
                  0.14    0.67   15.70 v _13708_/X (sky130_fd_sc_hd__or2_2)
     3    0.01                           _10928_ (net)
                  0.14    0.00   15.70 v _13709_/B (sky130_fd_sc_hd__or2_1)
                  0.08    0.46   16.16 v _13709_/X (sky130_fd_sc_hd__or2_1)
     2    0.00                           _10929_ (net)
                  0.08    0.00   16.16 v _13710_/B (sky130_fd_sc_hd__or2_2)
                  0.14    0.67   16.82 v _13710_/X (sky130_fd_sc_hd__or2_2)
     3    0.01                           _10930_ (net)
                  0.14    0.00   16.82 v _13711_/B (sky130_fd_sc_hd__or2_1)
                  0.08    0.46   17.29 v _13711_/X (sky130_fd_sc_hd__or2_1)
     2    0.00                           _10931_ (net)
                  0.08    0.00   17.29 v _13712_/B (sky130_fd_sc_hd__or2_2)
                  0.14    0.67   17.95 v _13712_/X (sky130_fd_sc_hd__or2_2)
     3    0.01                           _10932_ (net)
                  0.14    0.00   17.95 v _13713_/B (sky130_fd_sc_hd__or2_1)
                  0.08    0.46   18.42 v _13713_/X (sky130_fd_sc_hd__or2_1)
     2    0.00                           _10933_ (net)
                  0.08    0.00   18.42 v _13714_/B (sky130_fd_sc_hd__or2_2)
                  0.14    0.67   19.08 v _13714_/X (sky130_fd_sc_hd__or2_2)
     3    0.01                           _10934_ (net)
                  0.14    0.00   19.08 v _13715_/B (sky130_fd_sc_hd__or2_1)
                  0.08    0.46   19.55 v _13715_/X (sky130_fd_sc_hd__or2_1)
     2    0.00                           _10935_ (net)
                  0.08    0.00   19.55 v _13716_/B (sky130_fd_sc_hd__or2_1)
                  0.13    0.50   20.05 v _13716_/X (sky130_fd_sc_hd__or2_1)
     3    0.01                           _10936_ (net)
                  0.13    0.00   20.05 v _13717_/B (sky130_fd_sc_hd__or2_1)
                  0.08    0.46   20.50 v _13717_/X (sky130_fd_sc_hd__or2_1)
     2    0.00                           _10937_ (net)
                  0.08    0.00   20.50 v _13718_/B (sky130_fd_sc_hd__or2_2)
                  0.14    0.67   21.17 v _13718_/X (sky130_fd_sc_hd__or2_2)
     3    0.01                           _10938_ (net)
                  0.14    0.00   21.17 v _13719_/B (sky130_fd_sc_hd__or2_1)
                  0.08    0.46   21.63 v _13719_/X (sky130_fd_sc_hd__or2_1)
     2    0.00                           _10939_ (net)
                  0.08    0.00   21.63 v _13720_/B (sky130_fd_sc_hd__or2_1)
                  0.15    0.52   22.15 v _13720_/X (sky130_fd_sc_hd__or2_1)
     3    0.01                           _10940_ (net)
                  0.15    0.00   22.15 v _13721_/B (sky130_fd_sc_hd__or2_1)
                  0.08    0.46   22.61 v _13721_/X (sky130_fd_sc_hd__or2_1)
     2    0.00                           _10941_ (net)
                  0.08    0.00   22.61 v _13722_/B (sky130_fd_sc_hd__or2_1)
                  0.13    0.50   23.11 v _13722_/X (sky130_fd_sc_hd__or2_1)
     3    0.01                           _10942_ (net)
                  0.13    0.00   23.11 v _13723_/B (sky130_fd_sc_hd__or2_1)
                  0.08    0.46   23.57 v _13723_/X (sky130_fd_sc_hd__or2_1)
     2    0.00                           _10943_ (net)
                  0.08    0.00   23.57 v _13724_/B (sky130_fd_sc_hd__or2_1)
                  0.13    0.50   24.07 v _13724_/X (sky130_fd_sc_hd__or2_1)
     3    0.01                           _10944_ (net)
                  0.13    0.00   24.07 v _13725_/B (sky130_fd_sc_hd__or2_1)
                  0.08    0.46   24.53 v _13725_/X (sky130_fd_sc_hd__or2_1)
     2    0.00                           _10945_ (net)
                  0.08    0.00   24.53 v _13726_/B (sky130_fd_sc_hd__or2_1)
                  0.13    0.50   25.03 v _13726_/X (sky130_fd_sc_hd__or2_1)
     3    0.01                           _10946_ (net)
                  0.13    0.00   25.03 v _13727_/B (sky130_fd_sc_hd__or2_1)
                  0.08    0.46   25.48 v _13727_/X (sky130_fd_sc_hd__or2_1)
     2    0.00                           _10947_ (net)
                  0.08    0.00   25.48 v _13728_/B (sky130_fd_sc_hd__or2_2)
                  0.14    0.67   26.15 v _13728_/X (sky130_fd_sc_hd__or2_2)
     3    0.01                           _10948_ (net)
                  0.14    0.00   26.15 v _13729_/B (sky130_fd_sc_hd__or2_1)
                  0.08    0.46   26.61 v _13729_/X (sky130_fd_sc_hd__or2_1)
     2    0.00                           _10949_ (net)
                  0.08    0.00   26.61 v _13730_/B (sky130_fd_sc_hd__or2_1)
                  0.13    0.50   27.11 v _13730_/X (sky130_fd_sc_hd__or2_1)
     3    0.01                           _10950_ (net)
                  0.13    0.00   27.11 v _13731_/B (sky130_fd_sc_hd__or2_1)
                  0.08    0.46   27.57 v _13731_/X (sky130_fd_sc_hd__or2_1)
     2    0.00                           _10951_ (net)
                  0.08    0.00   27.57 v _13732_/B (sky130_fd_sc_hd__or2_1)
                  0.13    0.50   28.07 v _13732_/X (sky130_fd_sc_hd__or2_1)
     3    0.01                           _10952_ (net)
                  0.13    0.00   28.07 v _13733_/B (sky130_fd_sc_hd__or2_1)
                  0.08    0.46   28.53 v _13733_/X (sky130_fd_sc_hd__or2_1)
     2    0.00                           _10953_ (net)
                  0.08    0.00   28.53 v _13734_/B (sky130_fd_sc_hd__or2_1)
                  0.13    0.50   29.03 v _13734_/X (sky130_fd_sc_hd__or2_1)
     3    0.01                           _10954_ (net)
                  0.13    0.00   29.03 v _13735_/B (sky130_fd_sc_hd__or2_1)
                  0.08    0.46   29.48 v _13735_/X (sky130_fd_sc_hd__or2_1)
     2    0.00                           _10955_ (net)
                  0.08    0.00   29.48 v _13736_/B (sky130_fd_sc_hd__or2_1)
                  0.13    0.50   29.98 v _13736_/X (sky130_fd_sc_hd__or2_1)
     3    0.01                           _10956_ (net)
                  0.13    0.00   29.98 v _13737_/B (sky130_fd_sc_hd__or2_1)
                  0.08    0.46   30.44 v _13737_/X (sky130_fd_sc_hd__or2_1)
     2    0.00                           _10957_ (net)
                  0.08    0.00   30.44 v _13738_/B (sky130_fd_sc_hd__or2_1)
                  0.13    0.50   30.94 v _13738_/X (sky130_fd_sc_hd__or2_1)
     3    0.01                           _10958_ (net)
                  0.13    0.00   30.94 v _13739_/B (sky130_fd_sc_hd__or2_1)
                  0.08    0.46   31.39 v _13739_/X (sky130_fd_sc_hd__or2_1)
     2    0.00                           _10959_ (net)
                  0.08    0.00   31.39 v _13740_/B (sky130_fd_sc_hd__or2_1)
                  0.13    0.50   31.89 v _13740_/X (sky130_fd_sc_hd__or2_1)
     3    0.01                           _10960_ (net)
                  0.13    0.00   31.89 v _13741_/B (sky130_fd_sc_hd__or2_1)
                  0.08    0.46   32.35 v _13741_/X (sky130_fd_sc_hd__or2_1)
     2    0.00                           _10961_ (net)
                  0.08    0.00   32.35 v _13742_/B (sky130_fd_sc_hd__or2_2)
                  0.14    0.67   33.02 v _13742_/X (sky130_fd_sc_hd__or2_2)
     3    0.01                           _10962_ (net)
                  0.14    0.00   33.02 v _13743_/B (sky130_fd_sc_hd__or2_1)
                  0.08    0.46   33.48 v _13743_/X (sky130_fd_sc_hd__or2_1)
     2    0.00                           _10963_ (net)
                  0.08    0.00   33.48 v _13744_/B (sky130_fd_sc_hd__or2_1)
                  0.15    0.52   34.00 v _13744_/X (sky130_fd_sc_hd__or2_1)
     3    0.01                           _10964_ (net)
                  0.15    0.00   34.00 v _13745_/B (sky130_fd_sc_hd__or2_1)
                  0.08    0.46   34.46 v _13745_/X (sky130_fd_sc_hd__or2_1)
     2    0.00                           _10965_ (net)
                  0.08    0.00   34.46 v _13746_/B (sky130_fd_sc_hd__or2_1)
                  0.13    0.50   34.96 v _13746_/X (sky130_fd_sc_hd__or2_1)
     3    0.01                           _10966_ (net)
                  0.13    0.00   34.96 v _13747_/B (sky130_fd_sc_hd__or2_1)
                  0.08    0.46   35.42 v _13747_/X (sky130_fd_sc_hd__or2_1)
     2    0.00                           _10967_ (net)
                  0.08    0.00   35.42 v _13748_/B (sky130_fd_sc_hd__or2_2)
                  0.14    0.67   36.09 v _13748_/X (sky130_fd_sc_hd__or2_2)
     3    0.01                           _10968_ (net)
                  0.14    0.00   36.09 v _13749_/B (sky130_fd_sc_hd__or2_1)
                  0.08    0.46   36.55 v _13749_/X (sky130_fd_sc_hd__or2_1)
     2    0.00                           _10969_ (net)
                  0.08    0.00   36.55 v _13750_/B (sky130_fd_sc_hd__or2_2)
                  0.14    0.67   37.22 v _13750_/X (sky130_fd_sc_hd__or2_2)
     3    0.01                           _10970_ (net)
                  0.14    0.00   37.22 v _13751_/B (sky130_fd_sc_hd__or2_1)
                  0.09    0.48   37.69 v _13751_/X (sky130_fd_sc_hd__or2_1)
     2    0.00                           _10971_ (net)
                  0.09    0.00   37.69 v _13754_/B2 (sky130_fd_sc_hd__o221a_1)
                  0.08    0.38   38.08 v _13754_/X (sky130_fd_sc_hd__o221a_1)
     1    0.00                           _03928_ (net)
                  0.08    0.00   38.08 v _27762_/D (sky130_fd_sc_hd__dfxtp_1)
                                 38.08   data arrival time

                  0.00   24.73   24.73   clock clk (rise edge)
                          0.00   24.73   clock network delay (ideal)
                          0.00   24.73   clock reconvergence pessimism
                                 24.73 ^ _27762_/CLK (sky130_fd_sc_hd__dfxtp_1)
                         -0.29   24.44   library setup time
                                 24.44   data required time
-----------------------------------------------------------------------------
                                 24.44   data required time
                                -38.08   data arrival time
-----------------------------------------------------------------------------
                                -13.64   slack (VIOLATED)


